// Vitest Snapshot v1, https://vitest.dev/guide/snapshot.html

exports[`Breadcrumbs > should match the snapshot (localized) 1`] = `
<body>
  <div>
    <nav>
      <ol>
        <li>
          <span
            aria-current="page"
          >
            home
          </span>
        </li>
        <li
          aria-hidden="true"
        >
          /
        </li>
        <li>
          <a
            href="#"
          >
            page-1
          </a>
        </li>
        <li
          aria-hidden="true"
        >
          /
        </li>
        <li>
          <span
            aria-current="page"
          >
            dynamic-page-1
          </span>
        </li>
      </ol>
    </nav>
  </div>
</body>
`;

exports[`Breadcrumbs > should match the snapshot 1`] = `
<body>
  <div>
    <nav>
      <ol>
        <li>
          <span
            aria-current="page"
          >
            home
          </span>
        </li>
        <li
          aria-hidden="true"
        >
          /
        </li>
        <li>
          <a
            href="#"
          >
            page-1
          </a>
        </li>
        <li
          aria-hidden="true"
        >
          /
        </li>
        <li>
          <span
            aria-current="page"
          >
            dynamic-page-1
          </span>
        </li>
      </ol>
    </nav>
  </div>
</body>
`;
